[    0.000000] Linux version 4.15.0-211-generic (buildd@lcy02-amd64-047) (gcc version 7.5.0 (Ubuntu 7.5.0-3ubuntu1~18.04)) #222-Ubuntu SMP Tue Apr 18 18:55:06 UTC 2023 (Ubuntu 4.15.0-211.222-generic 4.15.18)
[    0.000000] Command line: BOOT_IMAGE=/boot/vmlinuz-4.15.0-211-generic root=LABEL=cloudimg-rootfs ro console=tty1 console=ttyS0
[    0.000000] KERNEL supported cpus:
[    0.000000]   Intel GenuineIntel
[    0.000000]   AMD AuthenticAMD
[    0.000000]   Centaur CentaurHauls
[    0.000000] [Firmware Bug]: TSC doesn't count with P0 frequency!
[    0.000000] x86/fpu: x87 FPU will use FXSAVE
[    0.000000] e820: BIOS-provided physical RAM map:
[    0.000000] BIOS-e820: [mem 0x0000000000000000-0x000000000009fbff] usable
[    0.000000] BIOS-e820: [mem 0x000000000009fc00-0x000000000009ffff] reserved
[    0.000000] BIOS-e820: [mem 0x00000000000f0000-0x00000000000fffff] reserved
[    0.000000] BIOS-e820: [mem 0x0000000000100000-0x000000003ffeffff] usable
[    0.000000] BIOS-e820: [mem 0x000000003fff0000-0x000000003fffffff] ACPI data
[    0.000000] BIOS-e820: [mem 0x00000000fec00000-0x00000000fec00fff] reserved
[    0.000000] BIOS-e820: [mem 0x00000000fee00000-0x00000000fee00fff] reserved
[    0.000000] BIOS-e820: [mem 0x00000000fffc0000-0x00000000ffffffff] reserved
[    0.000000] NX (Execute Disable) protection: active
[    0.000000] SMBIOS 2.5 present.
[    0.000000] DMI: innotek GmbH VirtualBox/VirtualBox, BIOS VirtualBox 12/01/2006
[    0.000000] Hypervisor detected: KVM
[    0.000000] e820: last_pfn = 0x3fff0 max_arch_pfn = 0x400000000
[    0.000000] MTRR: Disabled
[    0.000000] x86/PAT: MTRRs disabled, skipping PAT initialization too.
[    0.000000] CPU MTRRs all blank - virtualized system.
[    0.000000] x86/PAT: Configuration [0-7]: WB  WT  UC- UC  WB  WT  UC- UC  
[    0.000000] found SMP MP-table at [mem 0x0009fff0-0x0009ffff]
[    0.000000] Scanning 1 areas for low memory corruption
[    0.000000] RAMDISK: [mem 0x359c7000-0x36cdafff]
[    0.000000] ACPI: Early table checksum verification disabled
[    0.000000] ACPI: RSDP 0x00000000000E0000 000024 (v02 VBOX  )
[    0.000000] ACPI: XSDT 0x000000003FFF0030 00003C (v01 VBOX   VBOXXSDT 00000001 ASL  00000061)
[    0.000000] ACPI: FACP 0x000000003FFF00F0 0000F4 (v04 VBOX   VBOXFACP 00000001 ASL  00000061)
[    0.000000] ACPI: DSDT 0x000000003FFF0610 002353 (v02 VBOX   VBOXBIOS 00000002 INTL 20100528)
[    0.000000] ACPI: FACS 0x000000003FFF0200 000040
[    0.000000] ACPI: FACS 0x000000003FFF0200 000040
[    0.000000] ACPI: APIC 0x000000003FFF0240 00005C (v02 VBOX   VBOXAPIC 00000001 ASL  00000061)
[    0.000000] ACPI: SSDT 0x000000003FFF02A0 00036C (v01 VBOX   VBOXCPUT 00000002 INTL 20100528)
[    0.000000] ACPI: Reserving FACP table memory at [mem 0x3fff00f0-0x3fff01e3]
[    0.000000] ACPI: Reserving DSDT table memory at [mem 0x3fff0610-0x3fff2962]
[    0.000000] ACPI: Reserving FACS table memory at [mem 0x3fff0200-0x3fff023f]
[    0.000000] ACPI: Reserving FACS table memory at [mem 0x3fff0200-0x3fff023f]
[    0.000000] ACPI: Reserving APIC table memory at [mem 0x3fff0240-0x3fff029b]
[    0.000000] ACPI: Reserving SSDT table memory at [mem 0x3fff02a0-0x3fff060b]
[    0.000000] No NUMA configuration found
[    0.000000] Faking a node at [mem 0x0000000000000000-0x000000003ffeffff]
[    0.000000] NODE_DATA(0) allocated [mem 0x3ffc5000-0x3ffeffff]
[    0.000000] kvm-clock: cpu 0, msr 0:3ff44001, primary cpu clock
[    0.000000] kvm-clock: Using msrs 4b564d01 and 4b564d00
[    0.000000] kvm-clock: using sched offset of 4799881361 cycles
[    0.000000] clocksource: kvm-clock: mask: 0xffffffffffffffff max_cycles: 0x1cd42e4dffb, max_idle_ns: 881590591483 ns
[    0.000000] Zone ranges:
[    0.000000]   DMA      [mem 0x0000000000001000-0x0000000000ffffff]
[    0.000000]   DMA32    [mem 0x0000000001000000-0x000000003ffeffff]
[    0.000000]   Normal   empty
[    0.000000]   Device   empty
[    0.000000] Movable zone start for each node
[    0.000000] Early memory node ranges
[    0.000000]   node   0: [mem 0x0000000000001000-0x000000000009efff]
[    0.000000]   node   0: [mem 0x0000000000100000-0x000000003ffeffff]
[    0.000000] Reserved but unavailable: 104 pages
[    0.000000] Initmem setup node 0 [mem 0x0000000000001000-0x000000003ffeffff]
[    0.000000] ACPI: PM-Timer IO Port: 0x4008
[    0.000000] IOAPIC[0]: apic_id 2, version 32, address 0xfec00000, GSI 0-23
[    0.000000] ACPI: INT_SRC_OVR (bus 0 bus_irq 0 global_irq 2 dfl dfl)
[    0.000000] ACPI: INT_SRC_OVR (bus 0 bus_irq 9 global_irq 9 low level)
[    0.000000] Using ACPI (MADT) for SMP configuration information
[    0.000000] smpboot: Allowing 2 CPUs, 0 hotplug CPUs
[    0.000000] PM: Registered nosave memory: [mem 0x00000000-0x00000fff]
[    0.000000] PM: Registered nosave memory: [mem 0x0009f000-0x0009ffff]
[    0.000000] PM: Registered nosave memory: [mem 0x000a0000-0x000effff]
[    0.000000] PM: Registered nosave memory: [mem 0x000f0000-0x000fffff]
[    0.000000] e820: [mem 0x40000000-0xfebfffff] available for PCI devices
[    0.000000] Booting paravirtualized kernel on KVM
[    0.000000] clocksource: refined-jiffies: mask: 0xffffffff max_cycles: 0xffffffff, max_idle_ns: 7645519600211568 ns
[    0.000000] setup_percpu: NR_CPUS:8192 nr_cpumask_bits:2 nr_cpu_ids:2 nr_node_ids:1
[    0.000000] percpu: Embedded 50 pages/cpu s167936 r8192 d28672 u1048576
[    0.000000] PV qspinlock hash table entries: 256 (order: 0, 4096 bytes)
[    0.000000] Built 1 zonelists, mobility grouping on.  Total pages: 257913
[    0.000000] Policy zone: DMA32
[    0.000000] Kernel command line: BOOT_IMAGE=/boot/vmlinuz-4.15.0-211-generic root=LABEL=cloudimg-rootfs ro console=tty1 console=ttyS0
[    0.000000] Memory: 982636K/1048120K available (12300K kernel code, 2477K rwdata, 4324K rodata, 2480K init, 2720K bss, 65484K reserved, 0K cma-reserved)
[    0.000000] SLUB: HWalign=64, Order=0-3, MinObjects=0, CPUs=2, Nodes=1
[    0.000000] ftrace: allocating 39508 entries in 155 pages
[    0.004000] Hierarchical RCU implementation.
[    0.004000] 	RCU restricting CPUs from NR_CPUS=8192 to nr_cpu_ids=2.
[    0.004000] 	Tasks RCU enabled.
[    0.004000] RCU: Adjusting geometry for rcu_fanout_leaf=16, nr_cpu_ids=2
[    0.004000] NR_IRQS: 524544, nr_irqs: 440, preallocated irqs: 16
[    0.004000] random: crng init done
[    0.004000] Console: colour VGA+ 80x25
[    0.004000] console [tty1] enabled
[    0.004000] console [ttyS0] enabled
[    0.004000] ACPI: Core revision 20170831
[    0.004000] ACPI: 2 ACPI AML tables successfully acquired and loaded
[    0.004000] APIC: Switch to symmetric I/O mode setup
[    0.004000] ..TIMER: vector=0x30 apic1=0 pin1=2 apic2=-1 pin2=-1
[    0.004008] tsc: Detected 3593.142 MHz processor
[    0.008009] Calibrating delay loop (skipped) preset value.. 7186.28 BogoMIPS (lpj=14372568)
[    0.012008] pid_max: default: 32768 minimum: 301
[    0.016130] Security Framework initialized
[    0.020008] Yama: becoming mindful.
[    0.024186] AppArmor: AppArmor initialized
[    0.039226] Dentry cache hash table entries: 131072 (order: 8, 1048576 bytes)
[    0.045135] Inode-cache hash table entries: 65536 (order: 7, 524288 bytes)
[    0.048177] Mount-cache hash table entries: 2048 (order: 2, 16384 bytes)
[    0.052171] Mountpoint-cache hash table entries: 2048 (order: 2, 16384 bytes)
[    0.062012] Last level iTLB entries: 4KB 1024, 2MB 1024, 4MB 512
[    0.064007] Last level dTLB entries: 4KB 1536, 2MB 1536, 4MB 768, 1GB 0
[    0.068007] Spectre V1 : Mitigation: usercopy/swapgs barriers and __user pointer sanitization
[    0.072008] Spectre V2 : Mitigation: Retpolines
[    0.076007] Spectre V2 : Spectre v2 / SpectreRSB mitigation: Filling RSB on context switch
[    0.080006] Spectre V2 : Spectre v2 / SpectreRSB : Filling RSB on VMEXIT
[    0.084007] RETBleed: Vulnerable
[    0.088253] Freeing SMP alternatives memory: 36K
[    0.214314] APIC calibration not consistent with PM-Timer: 102ms instead of 100ms
[    0.216000] APIC delta adjusted to PM-Timer: 6431928 (6622863)
[    0.217032] smpboot: CPU0: AMD Ryzen 3 3200G with Radeon Vega Graphics (family: 0x17, model: 0x18, stepping: 0x1)
[    0.220925] Performance Events: PMU not available due to virtualization, using software events only.
[    0.224267] Hierarchical SRCU implementation.
[    0.232452] NMI watchdog: Perf event create on CPU 0 failed with -2
[    0.236007] NMI watchdog: Perf NMI watchdog permanently disabled
[    0.240703] smp: Bringing up secondary CPUs ...
[    0.248571] x86: Booting SMP configuration:
[    0.252007] .... node  #0, CPUs:      #1
[    0.004000] kvm-clock: cpu 1, msr 0:3ff44041, secondary cpu clock
[    0.267687] TSC synchronization [CPU#0 -> CPU#1]:
[    0.268000] Measured 107208 cycles TSC warp between CPUs, turning off TSC clock.
[    0.268000] tsc: Marking TSC unstable due to check_tsc_sync_source failed
[    0.272342] smp: Brought up 1 node, 2 CPUs
[    0.276010] smpboot: Max logical packages: 1
[    0.280011] smpboot: Total of 2 processors activated (14372.56 BogoMIPS)
[    0.288226] devtmpfs: initialized
[    0.292908] x86/mm: Memory block size: 128MB
[    0.300775] evm: security.selinux
[    0.308006] evm: security.SMACK64
[    0.312007] evm: security.SMACK64EXEC
[    0.320006] evm: security.SMACK64TRANSMUTE
[    0.328005] evm: security.SMACK64MMAP
[    0.332006] evm: security.apparmor
[    0.340004] evm: security.ima
[    0.344006] evm: security.capability
[    0.352700] clocksource: jiffies: mask: 0xffffffff max_cycles: 0xffffffff, max_idle_ns: 7645041785100000 ns
[    0.356020] futex hash table entries: 512 (order: 3, 32768 bytes)
[    0.360335] pinctrl core: initialized pinctrl subsystem
[    0.368303] RTC time: 23:15:34, date: 06/18/23
[    0.376655] NET: Registered protocol family 16
[    0.380259] audit: initializing netlink subsys (disabled)
[    0.384348] audit: type=2000 audit(1687130139.434:1): state=initialized audit_enabled=0 res=1
[    0.400087] cpuidle: using governor ladder
[    0.408341] cpuidle: using governor menu
[    0.417010] ACPI: bus type PCI registered
[    0.420006] acpiphp: ACPI Hot Plug PCI Controller Driver version: 0.5
[    0.425363] PCI: Using configuration type 1 for base access
[    0.428008] PCI: Using configuration type 1 for extended access
[    0.440155] HugeTLB registered 2.00 MiB page size, pre-allocated 0 pages
[    0.452399] ACPI: Added _OSI(Module Device)
[    0.456157] ACPI: Added _OSI(Processor Device)
[    0.460012] ACPI: Added _OSI(3.0 _SCP Extensions)
[    0.464008] ACPI: Added _OSI(Processor Aggregator Device)
[    0.468014] ACPI: Added _OSI(Linux-Dell-Video)
[    0.472009] ACPI: Added _OSI(Linux-Lenovo-NV-HDMI-Audio)
[    0.476010] ACPI: Added _OSI(Linux-HPI-Hybrid-Graphics)
[    0.484252] ACPI: Executed 1 blocks of module-level executable AML code
[    0.498463] ACPI: Interpreter enabled
[    0.500027] ACPI: (supports S0 S5)
[    0.504008] ACPI: Using IOAPIC for interrupt routing
[    0.508544] PCI: Using host bridge windows from ACPI; if necessary, use "pci=nocrs" and report a bug
[    0.512338] ACPI: Enabled 2 GPEs in block 00 to 07
[    0.537107] ACPI: PCI Root Bridge [PCI0] (domain 0000 [bus 00-ff])
[    0.540020] acpi PNP0A03:00: _OSC: OS supports [ExtendedConfig ASPM ClockPM Segments MSI]
[    0.548262] acpi PNP0A03:00: _OSC: platform does not support [PCIeCapability]
[    0.553277] acpi PNP0A03:00: _OSC: not requesting control; platform does not support [PCIeCapability]
[    0.556010] acpi PNP0A03:00: _OSC: OS requested [PCIeHotplug PME AER PCIeCapability]
[    0.560008] acpi PNP0A03:00: _OSC: platform willing to grant [PCIeHotplug PME AER]
[    0.564010] acpi PNP0A03:00: _OSC failed (AE_SUPPORT); disabling ASPM
[    0.572812] PCI host bridge to bus 0000:00
[    0.576012] pci_bus 0000:00: root bus resource [io  0x0000-0x0cf7 window]
[    0.580010] pci_bus 0000:00: root bus resource [io  0x0d00-0xffff window]
[    0.584010] pci_bus 0000:00: root bus resource [mem 0x000a0000-0x000bffff window]
[    0.588010] pci_bus 0000:00: root bus resource [mem 0x40000000-0xfdffffff window]
[    0.592010] pci_bus 0000:00: root bus resource [bus 00-ff]
[    0.608000] pci 0000:00:01.1: legacy IDE quirk: reg 0x10: [io  0x01f0-0x01f7]
[    0.608010] pci 0000:00:01.1: legacy IDE quirk: reg 0x14: [io  0x03f6]
[    0.616010] pci 0000:00:01.1: legacy IDE quirk: reg 0x18: [io  0x0170-0x0177]
[    0.620009] pci 0000:00:01.1: legacy IDE quirk: reg 0x1c: [io  0x0376]
[    0.652449] pci 0000:00:07.0: quirk: [io  0x4000-0x403f] claimed by PIIX4 ACPI
[    0.656057] pci 0000:00:07.0: quirk: [io  0x4100-0x410f] claimed by PIIX4 SMB
[    0.676747] ACPI: PCI Interrupt Link [LNKA] (IRQs 5 9 10 *11)
[    0.684224] ACPI: PCI Interrupt Link [LNKB] (IRQs 5 9 *10 11)
[    0.688299] ACPI: PCI Interrupt Link [LNKC] (IRQs 5 *9 10 11)
[    0.692319] ACPI: PCI Interrupt Link [LNKD] (IRQs 5 9 10 *11)
[    0.697504] SCSI subsystem initialized
[    0.704278] pci 0000:00:02.0: vgaarb: setting as boot VGA device
[    0.708000] pci 0000:00:02.0: vgaarb: VGA device added: decodes=io+mem,owns=io+mem,locks=none
[    0.708013] pci 0000:00:02.0: vgaarb: bridge control possible
[    0.712007] vgaarb: loaded
[    0.716103] ACPI: bus type USB registered
[    0.720038] usbcore: registered new interface driver usbfs
[    0.724091] usbcore: registered new interface driver hub
[    0.728084] usbcore: registered new device driver usb
[    0.732303] EDAC MC: Ver: 3.0.0
[    0.744005] PCI: Using ACPI for IRQ routing
[    0.749307] NetLabel: Initializing
[    0.756007] NetLabel:  domain hash size = 128
[    0.764006] NetLabel:  protocols = UNLABELED CIPSOv4 CALIPSO
[    0.772257] NetLabel:  unlabeled traffic allowed by default
[    0.784522] clocksource: Switched to clocksource kvm-clock
[    0.803410] VFS: Disk quotas dquot_6.6.0
[    0.803410] VFS: Dquot-cache hash table entries: 512 (order 0, 4096 bytes)
[    0.803410] AppArmor: AppArmor Filesystem Enabled
[    0.803410] pnp: PnP ACPI init
[    0.803410] pnp: PnP ACPI: found 3 devices
[    0.956664] clocksource: acpi_pm: mask: 0xffffff max_cycles: 0xffffff, max_idle_ns: 2085701024 ns
[    0.960592] NET: Registered protocol family 2
[    0.960592] IP idents hash table entries: 16384 (order: 5, 131072 bytes)
[    0.983201] TCP established hash table entries: 8192 (order: 4, 65536 bytes)
[    0.986163] TCP bind hash table entries: 8192 (order: 5, 131072 bytes)
[    0.986163] TCP: Hash tables configured (established 8192 bind 8192)
[    0.986163] UDP hash table entries: 512 (order: 2, 16384 bytes)
[    0.986163] UDP-Lite hash table entries: 512 (order: 2, 16384 bytes)
[    0.986163] NET: Registered protocol family 1
[    0.986163] pci 0000:00:00.0: Limiting direct PCI/PCI transfers
[    0.986163] pci 0000:00:01.0: Activating ISA DMA hang workarounds
[    0.986163] pci 0000:00:02.0: Video device with shadowed ROM at [mem 0x000c0000-0x000dffff]
[    1.054321] Unpacking initramfs...
[    1.897129] Freeing initrd memory: 19536K
[    1.904226] clocksource: tsc: mask: 0xffffffffffffffff max_cycles: 0x33cb04b291d, max_idle_ns: 440795322532 ns
[    1.916348] platform rtc_cmos: registered platform RTC device (no PNP device found)
[    1.926325] Scanning for low memory corruption every 60 seconds
[    1.936641] Initialise system trusted keyrings
[    1.942209] Key type blacklist registered
[    1.948246] workingset: timestamp_bits=36 max_order=18 bucket_order=0
[    1.972184] zbud: loaded
[    1.977907] squashfs: version 4.0 (2009/01/31) Phillip Lougher
[    1.986822] fuse init (API version 7.26)
[    2.033174] Key type asymmetric registered
[    2.038752] Asymmetric key parser 'x509' registered
[    2.045277] Block layer SCSI generic (bsg) driver version 0.4 loaded (major 246)
[    2.056911] io scheduler noop registered
[    2.061629] io scheduler deadline registered
[    2.067158] io scheduler cfq registered (default)
[    2.073827] ACPI: AC Adapter [AC] (on-line)
[    2.078996] input: Power Button as /devices/LNXSYSTM:00/LNXPWRBN:00/input/input0
[    2.088488] ACPI: Power Button [PWRF]
[    2.093529] input: Sleep Button as /devices/LNXSYSTM:00/LNXSLPBN:00/input/input1
[    2.102393] ACPI: Sleep Button [SLPF]
[    2.109247] Serial: 8250/16550 driver, 32 ports, IRQ sharing enabled
[    2.145611] 00:02: ttyS0 at I/O 0x3f8 (irq = 4, base_baud = 115200) is a 16550A
[    2.178639] Linux agpgart interface v0.103
[    2.202167] loop: module loaded
[    2.210331] scsi host0: ata_piix
[    2.216913] scsi host1: ata_piix
[    2.221012] ata1: PATA max UDMA/33 cmd 0x1f0 ctl 0x3f6 bmdma 0xd000 irq 14
[    2.224951] ata2: PATA max UDMA/33 cmd 0x170 ctl 0x376 bmdma 0xd008 irq 15
[    2.239406] tun: Universal TUN/TAP device driver, 1.6
[    2.246195] PPP generic driver version 2.4.2
[    2.251925] ehci_hcd: USB 2.0 'Enhanced' Host Controller (EHCI) Driver
[    2.259817] ehci-pci: EHCI PCI platform driver
[    2.265390] ehci-platform: EHCI generic platform driver
[    2.271810] ohci_hcd: USB 1.1 'Open' Host Controller (OHCI) Driver
[    2.280131] ohci-pci: OHCI PCI platform driver
[    2.285710] ohci-platform: OHCI generic platform driver
[    2.291902] uhci_hcd: USB Universal Host Controller Interface driver
[    2.300210] i8042: PNP: PS/2 Controller [PNP0303:PS2K,PNP0f03:PS2M] at 0x60,0x64 irq 1,12
[    2.317096] serio: i8042 KBD port at 0x60,0x64 irq 1
[    2.323406] serio: i8042 AUX port at 0x60,0x64 irq 12
[    2.330641] mousedev: PS/2 mouse device common for all mice
[    2.350236] input: AT Translated Set 2 keyboard as /devices/platform/i8042/serio0/input/input2
[    2.353130] rtc_cmos rtc_cmos: rtc core: registered rtc_cmos as rtc0
[    2.369831] rtc_cmos rtc_cmos: alarms up to one day, 114 bytes nvram
[    2.377781] i2c /dev entries driver
[    2.383278] device-mapper: uevent: version 1.0.3
[    2.390307] device-mapper: ioctl: 4.37.0-ioctl (2017-09-20) initialised: dm-devel@redhat.com
[    2.472903] ledtrig-cpu: registered to indicate activity on CPUs
[    2.485531] NET: Registered protocol family 10
[    2.508741] Segment Routing with IPv6
[    2.514276] NET: Registered protocol family 17
[    2.522515] Key type dns_resolver registered
[    2.529070] mce: Using 0 MCE banks
[    2.533815] RAS: Correctable Errors collector initialized.
[    2.541359] sched_clock: Marking stable (2541188069, 0)->(3675663075, -1134475006)
[    2.557695] registered taskstats version 1
[    2.563455] Loading compiled-in X.509 certificates
[    2.577539] Loaded X.509 cert 'Build time autogenerated kernel key: 6893c09f03d31bc6e9f3dd5a3a18faae0d596a39'
[    2.591879] Loaded X.509 cert 'Canonical Ltd. Live Patch Signing: 14df34d1a87cf37625abec039ef2bf521249b969'
[    2.606455] Loaded X.509 cert 'Canonical Ltd. Kernel Module Signing: 88f752e560a1e0737e31163a466ad7b70a850c19'
[    2.621572] blacklist: Loading compiled-in revocation X.509 certificates
[    2.629832] Loaded X.509 cert 'Canonical Ltd. Secure Boot Signing: 61482aa2830d0ab2ad5af10b7250da9033ddcef0'
[    2.642783] Loaded X.509 cert 'Canonical Ltd. Secure Boot Signing (2017): 242ade75ac4a15e50d50c84b0d45ff3eae707a03'
[    2.655968] Loaded X.509 cert 'Canonical Ltd. Secure Boot Signing (ESM 2018): 365188c1d374d6b07c3c8f240f8ef722433d6a8b'
[    2.673159] Loaded X.509 cert 'Canonical Ltd. Secure Boot Signing (2019): c0746fd6c5da3ae827864651ad66ae47fe24b3e8'
[    2.687300] Loaded X.509 cert 'Canonical Ltd. Secure Boot Signing (2021 v1): a8d54bbb3825cfb94fa13c9f8a594a195c107b8d'
[    2.702966] Loaded X.509 cert 'Canonical Ltd. Secure Boot Signing (2021 v2): 4cf046892d6fd3c9a5b03f98d845f90851dc6a8c'
[    2.717924] Loaded X.509 cert 'Canonical Ltd. Secure Boot Signing (2021 v3): 100437bb6de6e469b581e61cd66bce3ef4ed53af'
[    2.734507] Loaded X.509 cert 'Canonical Ltd. Secure Boot Signing (Ubuntu Core 2019): c1d57b8f6b743f23ee41f4f7ee292f06eecadfb9'
[    2.760279] zswap: loaded using pool lzo/zbud
[    2.786725] Key type big_key registered
[    2.803074] Key type trusted registered
[    2.836276] Key type encrypted registered
[    2.842172] AppArmor: AppArmor sha1 policy hashing enabled
[    2.855451] ima: No TPM chip found, activating TPM-bypass! (rc=-19)
[    2.877559] ima: Allocated hash algorithm: sha1
[    2.886623] evm: HMAC attrs: 0x1
[    2.893337]   Magic number: 11:513:302
[    2.900232] tty tty31: hash matches
[    2.906921] rtc_cmos rtc_cmos: setting system clock to 2023-06-18 23:15:36 UTC (1687130136)
[    2.923555] BIOS EDD facility v0.16 2004-Jun-25, 0 devices found
[    2.932196] EDD information not available.
[    2.943273] Freeing unused kernel image memory: 2480K
[    2.969310] Write protecting the kernel read-only data: 20480k
[    2.978618] Freeing unused kernel image memory: 2008K
[    2.985110] Freeing unused kernel image memory: 1820K
[    2.998393] x86/mm: Checked W+X mappings: passed, no W+X pages found.
Loading, please wait...
starting version 237
[    3.146510] e1000: Intel(R) PRO/1000 Network Driver - version 7.3.21-k8-NAPI
[    3.156389] e1000: Copyright (c) 1999-2006 Intel Corporation.
[    3.169659] Fusion MPT base driver 3.04.20
[    3.176177] Copyright (c) 1999-2008 LSI Corporation
[    3.198231] Fusion MPT SPI Host driver 3.04.20
[    3.256376] SSE version of gcm_enc/dec engaged.
[    3.456809] input: ImExPS/2 Generic Explorer Mouse as /devices/platform/i8042/serio1/input/input4
[    4.207018] e1000 0000:00:03.0 eth0: (PCI:33MHz:32-bit) 02:ce:cf:1b:c9:4b
[    4.215125] e1000 0000:00:03.0 eth0: Intel(R) PRO/1000 Network Connection
[    5.008755] e1000 0000:00:08.0 eth1: (PCI:33MHz:32-bit) 08:00:27:c7:c0:5b
[    5.017019] e1000 0000:00:08.0 eth1: Intel(R) PRO/1000 Network Connection
[    5.028917] mptbase: ioc0: Initiating bringup
[    5.029710] e1000 0000:00:08.0 enp0s8: renamed from eth1
[    6.154421] e1000 0000:00:03.0 enp0s3: renamed from eth0
[    6.268859] ioc0: LSI53C1030 A0: Capabilities={Initiator}
[    7.652735] scsi host2: ioc0: LSI53C1030 A0, FwRev=00000000h, Ports=1, MaxQ=256, IRQ=20
[    8.228327] scsi 2:0:0:0: Direct-Access     VBOX     HARDDISK         1.0  PQ: 0 ANSI: 5
[    8.268265] scsi target2:0:0: Beginning Domain Validation
[    8.285712] scsi target2:0:0: Domain Validation skipping write tests
[    8.294650] scsi target2:0:0: Ending Domain Validation
[    8.302437] scsi target2:0:0: asynchronous
[    8.311288] scsi 2:0:1:0: Direct-Access     VBOX     HARDDISK         1.0  PQ: 0 ANSI: 5
[    8.352705] scsi target2:0:1: Beginning Domain Validation
[    8.370968] scsi target2:0:1: Domain Validation skipping write tests
[    8.379989] scsi target2:0:1: Ending Domain Validation
[    8.390745] scsi target2:0:1: asynchronous
[    8.414845] sd 2:0:0:0: Attached scsi generic sg0 type 0
[    8.416277] sd 2:0:0:0: [sda] 83886080 512-byte logical blocks: (42.9 GB/40.0 GiB)
[    8.422426] sd 2:0:1:0: Attached scsi generic sg1 type 0
[    8.432723] sd 2:0:1:0: [sdb] 20480 512-byte logical blocks: (10.5 MB/10.0 MiB)
[    8.449239] sd 2:0:1:0: [sdb] Write Protect is off
[    8.449321] sd 2:0:0:0: [sda] Write Protect is off
[    8.463859] sd 2:0:1:0: [sdb] Incomplete mode parameter data
[    8.464280] sd 2:0:0:0: [sda] Incomplete mode parameter data
[    8.472378] sd 2:0:1:0: [sdb] Assuming drive cache: write through
[    8.480442] sd 2:0:0:0: [sda] Assuming drive cache: write through
[    8.497841] sd 2:0:1:0: [sdb] Attached SCSI disk
[    8.510969]  sda: sda1
[    8.518279] sd 2:0:0:0: [sda] Attached SCSI disk
